Archive member included to satisfy reference by file (symbol)

lib/libSENSIT_SDK_V2.0.0.a(addon_sigfox_verified_api.o)
                              obj/AT_functions.o (ADDON_SIGFOX_VERIFIED_API_get_version)
lib/libSENSIT_SDK_V2.0.0.a(mcu_api.o)
                              lib/libSENSIT_SDK_V2.0.0.a(addon_sigfox_verified_api.o) (MCU_API_timer_start)
lib/libSENSIT_SDK_V2.0.0.a(nvmem_api.o)
                              lib/libSENSIT_SDK_V2.0.0.a(mcu_api.o) (NVMEM_API_get_device_id)
lib/libSENSIT_SDK_V2.0.0.a(radio.o)
                              lib/libSENSIT_SDK_V2.0.0.a(mcu_api.o) (RADIO_is_600bps)
lib/libSENSIT_SDK_V2.0.0.a(rtc.o)
                              lib/libSENSIT_SDK_V2.0.0.a(mcu_api.o) (RTC_set_rx_timer)
lib/libSENSIT_SDK_V2.0.0.a(sensit_api.o)
                              obj/AT_functions.o (SENSIT_API_get_sdk_version)
lib/libSENSIT_SDK_V2.0.0.a(sigfox_api.o)
                              obj/radio_api.o (SIGFOX_API_open)
lib/libSENSIT_SDK_V2.0.0.a(sigfox_internal.o)
                              lib/libSENSIT_SDK_V2.0.0.a(sigfox_api.o) (SIGFOX_INT_get_max_micro_channel)
lib/libSENSIT_SDK_V2.0.0.a(sigfox_pn.o)
                              lib/libSENSIT_SDK_V2.0.0.a(sigfox_internal.o) (SIGFOX_PN_next_pn)
lib/libSENSIT_SDK_V2.0.0.a(sigfox_scramb.o)
                              lib/libSENSIT_SDK_V2.0.0.a(sigfox_internal.o) (SIGFOX_SCRAMB_compute)
lib/libSENSIT_SDK_V2.0.0.a(sleep.o)
                              lib/libSENSIT_SDK_V2.0.0.a(rtc.o) (SLEEP_handler)
lib/libSENSIT_SDK_V2.0.0.a(spi.o)
                              lib/libSENSIT_SDK_V2.0.0.a(sensit_api.o) (SPI_init)
lib/libSENSIT_SDK_V2.0.0.a(startup_stm32f042x6.o)
                              (Reset_Handler)
lib/libSENSIT_SDK_V2.0.0.a(system_stm32f0xx.o)
                              lib/libSENSIT_SDK_V2.0.0.a(startup_stm32f042x6.o) (SystemInit)
lib/libSENSIT_SDK_V2.0.0.a(systick.o)
                              lib/libSENSIT_SDK_V2.0.0.a(mcu_api.o) (SYSTICK_wait_ms)
lib/libSENSIT_SDK_V2.0.0.a(uart.o)
                              lib/libSENSIT_SDK_V2.0.0.a(sensit_api.o) (UART_open)
lib/libSENSIT_SDK_V2.0.0.a(usb_device.o)
                              lib/libSENSIT_SDK_V2.0.0.a(sensit_api.o) (usbDeviceInit)
lib/libSENSIT_SDK_V2.0.0.a(usbd_cdc.o)
                              lib/libSENSIT_SDK_V2.0.0.a(usb_device.o) (usbCDCRegister)
lib/libSENSIT_SDK_V2.0.0.a(usbd_cdc_if.o)
                              lib/libSENSIT_SDK_V2.0.0.a(usbd_cdc.o) (cdcIFInit_FS)
lib/libSENSIT_SDK_V2.0.0.a(usbd_conf.o)
                              lib/libSENSIT_SDK_V2.0.0.a(usbd_cdc.o) (USBD_LL_OpenEP)
lib/libSENSIT_SDK_V2.0.0.a(usbd_core.o)
                              lib/libSENSIT_SDK_V2.0.0.a(usb_device.o) (USBD_Init)
lib/libSENSIT_SDK_V2.0.0.a(usbd_ctlreq.o)
                              lib/libSENSIT_SDK_V2.0.0.a(usb_device.o) (USBD_GetDeviceConfiguredState)
lib/libSENSIT_SDK_V2.0.0.a(usbd_ioreq.o)
                              lib/libSENSIT_SDK_V2.0.0.a(usbd_cdc.o) (USBD_CtlSendData)
lib/libSENSIT_SDK_V2.0.0.a(watchdog.o)
                              lib/libSENSIT_SDK_V2.0.0.a(sensit_api.o) (WATCHDOG_init)
lib/libSENSIT_SDK_V2.0.0.a(adc.o)
                              lib/libSENSIT_SDK_V2.0.0.a(sensit_api.o) (ADC_init)
lib/libSENSIT_SDK_V2.0.0.a(aes.o)
                              lib/libSENSIT_SDK_V2.0.0.a(nvmem_api.o) (AESEncode)
lib/libSENSIT_SDK_V2.0.0.a(calib.o)
                              lib/libSENSIT_SDK_V2.0.0.a(rtc.o) (calibRTCclkIsCalibrated)
lib/libSENSIT_SDK_V2.0.0.a(cc1125.o)
                              lib/libSENSIT_SDK_V2.0.0.a(radio.o) (CC1125_write_reg)
lib/libSENSIT_SDK_V2.0.0.a(crc.o)
                              lib/libSENSIT_SDK_V2.0.0.a(nvmem_api.o) (CRC_compute)
lib/libSENSIT_SDK_V2.0.0.a(flash.o)
                              lib/libSENSIT_SDK_V2.0.0.a(nvmem_api.o) (FLASH_unlock)
lib/libSENSIT_SDK_V2.0.0.a(gpio.o)
                              lib/libSENSIT_SDK_V2.0.0.a(sensit_api.o) (GPIO_init)
lib/libSENSIT_SDK_V2.0.0.a(i2c.o)
                              lib/libSENSIT_SDK_V2.0.0.a(sensit_api.o) (I2C_init)
lib/libSENSIT_SDK_V2.0.0.a(led.o)
                              lib/libSENSIT_SDK_V2.0.0.a(sensit_api.o) (LED_set_toggle_color)
lib/libSENSIT_SDK_V2.0.0.a(my_string.o)
                              lib/libSENSIT_SDK_V2.0.0.a(nvmem_api.o) (my_memcpy)
lib/libSENSIT_SDK_V2.0.0.a(reed_switch.o)
                              lib/libSENSIT_SDK_V2.0.0.a(sensit_api.o) (REED_SWITCH_enable)
lib/libSENSIT_SDK_V2.0.0.a(rf_api.o)
                              lib/libSENSIT_SDK_V2.0.0.a(sigfox_api.o) (RF_API_init)
lib/libSENSIT_SDK_V2.0.0.a(sigfox_crc.o)
                              lib/libSENSIT_SDK_V2.0.0.a(sigfox_internal.o) (SIGFOX_CRC_crc16)
lib/libSENSIT_SDK_V2.0.0.a(sigfox_decode.o)
                              lib/libSENSIT_SDK_V2.0.0.a(sigfox_internal.o) (SIGFOX_DECODE_decode_frame)
lib/libSENSIT_SDK_V2.0.0.a(sigfox_hmac.o)
[...]
Memory Configuration

Name             Origin             Length             Attributes
RAM              0x0000000020000000 0x0000000000001800 xrw
ROM              0x0000000008000000 0x0000000000007400 xr
*default*        0x0000000000000000 0xffffffffffffffff

Linker script and memory map

LOAD obj/error.o
LOAD obj/button.o
LOAD obj/battery.o
LOAD obj/callback.o
LOAD obj/serial.o
LOAD obj/radio_api.o
LOAD obj/etsi.o
LOAD obj/fcc.o
LOAD obj/hts221.o
LOAD obj/ltr329.o
LOAD obj/fxos8700.o
LOAD obj/AT_parser.o
LOAD obj/AT_functions.o
LOAD obj/discovery.o
LOAD obj/button_morse.o
LOAD obj/main.o
LOAD lib/libSENSIT_SDK_V2.0.0.a
                0x0000000020001800                _estack = 0x20001800
                0x0000000000000000                _Min_Heap_Size = 0x0
                0x0000000000000400                _Min_Stack_Size = 0x400

.isr_vector     0x0000000008000000       0xc0
                0x0000000008000000                . = ALIGN (0x4)
 *(.isr_vector)
 .isr_vector    0x0000000008000000       0xc0 lib/libSENSIT_SDK_V2.0.0.a(startup_stm32f042x6.o)
                0x0000000008000000                g_pfnVectors
                0x00000000080000c0                . = ALIGN (0x4)

.text           0x00000000080000c0     0x5e64
                0x00000000080000c0                . = ALIGN (0x4)
 *(.text)
 .text          0x00000000080000c0       0x14 /Users/nxtview/Documents/Sensit_project/gcc-arm-none-eabi-8-2018-q4-major/bin/../lib/gcc/arm-none-eabi/8.2.1/thumb/v6-m/nofp/libgcc.a(_thumb1_case_uqi.o)
                0x00000000080000c0                __gnu_thumb1_case_uqi
 .text          0x00000000080000d4       0x14 /Users/nxtview/Documents/Sensit_project/gcc-arm-none-eabi-8-2018-q4-major/bin/../lib/gcc/arm-none-eabi/8.2.1/thumb/v6-m/nofp/libgcc.a(_thumb1_case_uhi.o)
                0x00000000080000d4                __gnu_thumb1_case_uhi
 .text          0x00000000080000e8      0x114 /Users/nxtview/Documents/Sensit_project/gcc-arm-none-eabi-8-2018-q4-major/bin/../lib/gcc/arm-none-eabi/8.2.1/thumb/v6-m/nofp/libgcc.a(_udivsi3.o)
                0x00000000080000e8                __udivsi3
                0x00000000080000e8                __aeabi_uidiv
                0x00000000080001f4                __aeabi_uidivmod
 .text          0x00000000080001fc      0x1d4 /Users/nxtview/Documents/Sensit_project/gcc-arm-none-eabi-8-2018-q4-major/bin/../lib/gcc/arm-none-eabi/8.2.1/thumb/v6-m/nofp/libgcc.a(_divsi3.o)
                0x00000000080001fc                __aeabi_idiv
                0x00000000080001fc                __divsi3
                0x00000000080003c8                __aeabi_idivmod
 .text          0x00000000080003d0        0x4 /Users/nxtview/Documents/Sensit_project/gcc-arm-none-eabi-8-2018-q4-major/bin/../lib/gcc/arm-none-eabi/8.2.1/thumb/v6-m/nofp/libgcc.a(_dvmd_tls.o)
                0x00000000080003d0                __aeabi_ldiv0
                0x00000000080003d0                __aeabi_idiv0
 .text          0x00000000080003d4       0x30 /Users/nxtview/Documents/Sensit_project/gcc-arm-none-eabi-8-2018-q4-major/bin/../lib/gcc/arm-none-eabi/8.2.1/thumb/v6-m/nofp/libgcc.a(_fixunssfsi.o)
                0x00000000080003d4                __aeabi_f2uiz
                0x00000000080003d4                __fixunssfsi
 .text          0x0000000008000404      0x230 /Users/nxtview/Documents/Sensit_project/gcc-arm-none-eabi-8-2018-q4-major/bin/../lib/gcc/arm-none-eabi/8.2.1/thumb/v6-m/nofp/libgcc.a(divsf3.o)
                0x0000000008000404                __aeabi_fdiv
 .text          0x0000000008000634      0x22c /Users/nxtview/Documents/Sensit_project/gcc-arm-none-eabi-8-2018-q4-major/bin/../lib/gcc/arm-none-eabi/8.2.1/thumb/v6-m/nofp/libgcc.a(mulsf3.o)
                0x0000000008000634                __aeabi_fmul
 .text          0x0000000008000860      0x34c /Users/nxtview/Documents/Sensit_project/gcc-arm-none-eabi-8-2018-q4-major/bin/../lib/gcc/arm-none-eabi/8.2.1/thumb/v6-m/nofp/libgcc.a(subsf3.o)
                0x0000000008000860                __aeabi_fsub
 .text          0x0000000008000bac       0x40 /Users/nxtview/Documents/Sensit_project/gcc-arm-none-eabi-8-2018-q4-major/bin/../lib/gcc/arm-none-eabi/8.2.1/thumb/v6-m/nofp/libgcc.a(fixsfsi.o)
                0x0000000008000bac                __aeabi_f2iz
 .text          0x0000000008000bec       0x80 /Users/nxtview/Documents/Sensit_project/gcc-arm-none-eabi-8-2018-q4-major/bin/../lib/gcc/arm-none-eabi/8.2.1/thumb/v6-m/nofp/libgcc.a(floatunsisf.o)
                0x0000000008000bec                __aeabi_ui2f
 .text          0x0000000008000c6c       0x74 /Users/nxtview/Documents/Sensit_project/gcc-arm-none-eabi-8-2018-q4-major/bin/../lib/gcc/arm-none-eabi/8.2.1/thumb/v6-m/nofp/libgcc.a(_arm_cmpsf2.o)
                0x0000000008000c6c                __aeabi_cfrcmple
                0x0000000008000c74                __aeabi_cfcmple
                0x0000000008000c74                __aeabi_cfcmpeq
                0x0000000008000c84                __aeabi_fcmpeq
                0x0000000008000c90                __aeabi_fcmplt
                0x0000000008000ca4                __aeabi_fcmple
                0x0000000008000cb8                __aeabi_fcmpgt
                0x0000000008000ccc                __aeabi_fcmpge
 .text          0x0000000008000ce0       0x3c /Users/nxtview/Documents/Sensit_project/gcc-arm-none-eabi-8-2018-q4-major/bin/../lib/gcc/arm-none-eabi/8.2.1/thumb/v6-m/nofp/libgcc.a(_clzsi2.o)
                0x0000000008000ce0                __clzsi2
 .text          0x0000000008000d1c       0x50 /Users/nxtview/Documents/Sensit_project/gcc-arm-none-eabi-8-2018-q4-major/bin/../lib/gcc/arm-none-eabi/8.2.1/thumb/v6-m/nofp/libgcc.a(eqsf2.o)
                0x0000000008000d1c                __nesf2
                0x0000000008000d1c                __eqsf2
 .text          0x0000000008000d6c       0x9c /Users/nxtview/Documents/Sensit_project/gcc-arm-none-eabi-8-2018-q4-major/bin/../lib/gcc/arm-none-eabi/8.2.1/thumb/v6-m/nofp/libgcc.a(gesf2.o)
                0x0000000008000d6c                __gtsf2
                0x0000000008000d6c                __gesf2
 .text          0x0000000008000e08       0x9c /Users/nxtview/Documents/Sensit_project/gcc-arm-none-eabi-8-2018-q4-major/bin/../lib/gcc/arm-none-eabi/8.2.1/thumb/v6-m/nofp/libgcc.a(lesf2.o)
                0x0000000008000e08                __lesf2
                0x0000000008000e08                __ltsf2
 *(.text*)
 .text.ERROR_loop
                0x0000000008000ea4       0x42 obj/error.o
 .text.ERROR_parser
                0x0000000008000ee6       0xc8 obj/error.o
                0x0000000008000ee6                ERROR_parser
 .text.BUTTON_handler
                0x0000000008000fae       0x5e obj/button.o
                0x0000000008000fae                BUTTON_handler
 .text.BATTERY_handler
                0x000000000800100c       0x90 obj/battery.o
                0x000000000800100c                BATTERY_handler
 .text.CALLBACK_report_test_result
                0x000000000800109c        0x2 obj/callback.o
                0x000000000800109c                CALLBACK_report_test_result
 *fill*         0x000000000800109e        0x2 
 .text.RADIO_API_init
                0x00000000080010a0       0x4c obj/radio_api.o
                0x00000000080010a0                RADIO_API_init
 .text.RADIO_API_send_message
                0x00000000080010ec       0x80 obj/radio_api.o
                0x00000000080010ec                RADIO_API_send_message
 .text.ETSI_handler
                0x000000000800116c       0x84 obj/etsi.o
                0x000000000800116c                ETSI_handler
 .text.FCC_handler
                0x00000000080011f0       0x50 obj/fcc.o
                0x00000000080011f0                FCC_handler
 .text.HTS221_init
                0x0000000008001240       0xbc obj/hts221.o
                0x0000000008001240                HTS221_init
 .text.HTS221_measure
                0x00000000080012fc       0xdc obj/hts221.o
                0x00000000080012fc                HTS221_measure
 .text.LTR329_init
                0x00000000080013d8       0x50 obj/ltr329.o
                0x00000000080013d8                LTR329_init
 .text.FXOS8700_reset
                0x0000000008001428       0x28 obj/fxos8700.o
                0x0000000008001428                FXOS8700_reset
 .text.FXOS8700_init
                0x0000000008001450       0x2e obj/fxos8700.o
                0x0000000008001450                FXOS8700_init
 *fill*         0x000000000800147e        0x2 
 .text.FXOS8700_set_transient_mode
                0x0000000008001480       0xf0 obj/fxos8700.o
                0x0000000008001480                FXOS8700_set_transient_mode
 .text.FXOS8700_clear_transient_interrupt
                0x0000000008001570       0x28 obj/fxos8700.o
                0x0000000008001570                FXOS8700_clear_transient_interrupt
 .text.DISCOVERY_build_payload
                0x0000000008001598      0x17c obj/discovery.o
                0x0000000008001598                DISCOVERY_build_payload
 .text.startup.main
                0x0000000008001714      0x17c obj/main.o
                0x0000000008001714                main
 .text.MCU_API_malloc
                0x0000000008001890       0x14 lib/libSENSIT_SDK_V2.0.0.a(mcu_api.o)
                0x0000000008001890                MCU_API_malloc
 .text.MCU_API_free
                0x00000000080018a4        0x4 lib/libSENSIT_SDK_V2.0.0.a(mcu_api.o)
                0x00000000080018a4                MCU_API_free
 .text.MCU_API_get_voltage_temperature
                0x00000000080018a8       0x22 lib/libSENSIT_SDK_V2.0.0.a(mcu_api.o)
                0x00000000080018a8                MCU_API_get_voltage_temperature
 .text.MCU_API_delay
                0x00000000080018ca       0x3e lib/libSENSIT_SDK_V2.0.0.a(mcu_api.o)
                0x00000000080018ca                MCU_API_delay
 .text.MCU_API_aes_128_cbc_encrypt
                0x0000000008001908       0x62 lib/libSENSIT_SDK_V2.0.0.a(mcu_api.o)
                0x0000000008001908                MCU_API_aes_128_cbc_encrypt
 .text.MCU_API_get_nv_mem
                0x000000000800196a        0xe lib/libSENSIT_SDK_V2.0.0.a(mcu_api.o)
                0x000000000800196a                MCU_API_get_nv_mem
 .text.MCU_API_set_nv_mem
                0x0000000008001978       0x16 lib/libSENSIT_SDK_V2.0.0.a(mcu_api.o)
                0x0000000008001978                MCU_API_set_nv_mem
 *fill*         0x000000000800198e        0x2 
 .text.MCU_API_timer_start_carrier_sense
                0x0000000008001990       0x60 lib/libSENSIT_SDK_V2.0.0.a(mcu_api.o)
                0x0000000008001990                MCU_API_timer_start_carrier_sense
 .text.TIM16_IRQHandler
                0x00000000080019f0       0x24 lib/libSENSIT_SDK_V2.0.0.a(mcu_api.o)
                0x00000000080019f0                TIM16_IRQHandler
 .text.MCU_API_timer_start
                0x0000000008001a14        0xc lib/libSENSIT_SDK_V2.0.0.a(mcu_api.o)
                0x0000000008001a14                MCU_API_timer_start
 .text.MCU_API_timer_stop
                0x0000000008001a20        0x4 lib/libSENSIT_SDK_V2.0.0.a(mcu_api.o)
                0x0000000008001a20                MCU_API_timer_stop
 .text.MCU_API_timer_stop_carrier_sense
                0x0000000008001a24       0x38 lib/libSENSIT_SDK_V2.0.0.a(mcu_api.o)
                0x0000000008001a24                MCU_API_timer_stop_carrier_sense
 .text.MCU_API_timer_wait_for_end
                0x0000000008001a5c       0x10 lib/libSENSIT_SDK_V2.0.0.a(mcu_api.o)
                0x0000000008001a5c                MCU_API_timer_wait_for_end
 .text.MCU_API_report_test_result
                0x0000000008001a6c        0xa lib/libSENSIT_SDK_V2.0.0.a(mcu_api.o)
                0x0000000008001a6c                MCU_API_report_test_result
 .text.MCU_API_get_device_id
                0x0000000008001a76       0x12 lib/libSENSIT_SDK_V2.0.0.a(mcu_api.o)
                0x0000000008001a76                MCU_API_get_device_id
 .text.NVMEM_API_get_device_id
                0x0000000008001a88       0x2c lib/libSENSIT_SDK_V2.0.0.a(nvmem_api.o)
                0x0000000008001a88                NVMEM_API_get_device_id
 .text.NVMEM_API_get_frequency_calibration
                0x0000000008001ab4       0x1c lib/libSENSIT_SDK_V2.0.0.a(nvmem_api.o)
                0x0000000008001ab4                NVMEM_API_get_frequency_calibration
 .text.NVMEM_API_get_radio_configuration
                0x0000000008001ad0       0x14 lib/libSENSIT_SDK_V2.0.0.a(nvmem_api.o)
                0x0000000008001ad0                NVMEM_API_get_radio_configuration
 .text.NVMEM_API_compute_aes
                0x0000000008001ae4       0xc8 lib/libSENSIT_SDK_V2.0.0.a(nvmem_api.o)
                0x0000000008001ae4                NVMEM_API_compute_aes
 .text.NVMEM_API_init_page_index
                0x0000000008001bac       0xb4 lib/libSENSIT_SDK_V2.0.0.a(nvmem_api.o)
                0x0000000008001bac                NVMEM_API_init_page_index
 .text.NVMEM_API_init
                0x0000000008001c60       0xa0 lib/libSENSIT_SDK_V2.0.0.a(nvmem_api.o)
                0x0000000008001c60                NVMEM_API_init
 .text.NVMEM_API_set_data
                0x0000000008001d00       0xd8 lib/libSENSIT_SDK_V2.0.0.a(nvmem_api.o)
                0x0000000008001d00                NVMEM_API_set_data
 .text.NVMEM_API_get_data
                0x0000000008001dd8       0x58 lib/libSENSIT_SDK_V2.0.0.a(nvmem_api.o)
                0x0000000008001dd8                NVMEM_API_get_data
 .text.RADIO_init
                0x0000000008001e30       0x1c lib/libSENSIT_SDK_V2.0.0.a(radio.o)
                0x0000000008001e30                RADIO_init
 .text.RADIO_power_on
                0x0000000008001e4c       0x44 lib/libSENSIT_SDK_V2.0.0.a(radio.o)
                0x0000000008001e4c                RADIO_power_on
 .text.RADIO_power_off
                0x0000000008001e90       0x2c lib/libSENSIT_SDK_V2.0.0.a(radio.o)
                0x0000000008001e90                RADIO_power_off
 .text.RADIO_get_state
                0x0000000008001ebc        0xc lib/libSENSIT_SDK_V2.0.0.a(radio.o)
                0x0000000008001ebc                RADIO_get_state
 .text.RADIO_set_rf_line
                0x0000000008001ec8       0x50 lib/libSENSIT_SDK_V2.0.0.a(radio.o)
                0x0000000008001ec8                RADIO_set_rf_line
 .text.RADIO_is_600bps
                0x0000000008001f18       0x18 lib/libSENSIT_SDK_V2.0.0.a(radio.o)
                0x0000000008001f18                RADIO_is_600bps
 .text.RTC_init
                0x0000000008001f30       0x2c lib/libSENSIT_SDK_V2.0.0.a(rtc.o)
                0x0000000008001f30                RTC_init
 .text.RTC_get_current_time
                0x0000000008001f5c        0xc lib/libSENSIT_SDK_V2.0.0.a(rtc.o)
                0x0000000008001f5c                RTC_get_current_time
 .text.RTC_set_alarm_timer
                0x0000000008001f68       0x14 lib/libSENSIT_SDK_V2.0.0.a(rtc.o)
                0x0000000008001f68                RTC_set_alarm_timer
 .text.RTC_set_rx_timer
                0x0000000008001f7c        0xc lib/libSENSIT_SDK_V2.0.0.a(rtc.o)
                0x0000000008001f7c                RTC_set_rx_timer
 .text.RTC_wait_frame
                0x0000000008001f88       0x2c lib/libSENSIT_SDK_V2.0.0.a(rtc.o)
                0x0000000008001f88                RTC_wait_frame
 .text.RTC_IRQHandler
                0x0000000008001fb4       0x68 lib/libSENSIT_SDK_V2.0.0.a(rtc.o)
                0x0000000008001fb4                RTC_IRQHandler
 .text._init    0x000000000800201c       0x1c lib/libSENSIT_SDK_V2.0.0.a(sensit_api.o)
                0x000000000800201c                _init
 .text.SENSIT_API_configure_radio
                0x0000000008002038       0x2a lib/libSENSIT_SDK_V2.0.0.a(sensit_api.o)
                0x0000000008002038                SENSIT_API_configure_radio
 .text.SENSIT_API_switch_radio
                0x0000000008002062       0x38 lib/libSENSIT_SDK_V2.0.0.a(sensit_api.o)
                0x0000000008002062                SENSIT_API_switch_radio
 *fill*         0x000000000800209a        0x2 
 .text.SENSIT_API_reset
                0x000000000800209c       0x60 lib/libSENSIT_SDK_V2.0.0.a(sensit_api.o)
                0x000000000800209c                SENSIT_API_reset
 .text.SENSIT_API_sleep
                0x00000000080020fc        0xa lib/libSENSIT_SDK_V2.0.0.a(sensit_api.o)
                0x00000000080020fc                SENSIT_API_sleep
 .text.SENSIT_API_set_rtc_alarm
                0x0000000008002106        0xa lib/libSENSIT_SDK_V2.0.0.a(sensit_api.o)
                0x0000000008002106                SENSIT_API_set_rtc_alarm
 .text.SENSIT_API_configure_button
                0x0000000008002110       0x50 lib/libSENSIT_SDK_V2.0.0.a(sensit_api.o)
                0x0000000008002110                SENSIT_API_configure_button
 .text.SENSIT_API_get_button_state
                0x0000000008002160       0x14 lib/libSENSIT_SDK_V2.0.0.a(sensit_api.o)
                0x0000000008002160                SENSIT_API_get_button_state
 .text.SENSIT_API_set_rgb_led
                0x0000000008002174       0x30 lib/libSENSIT_SDK_V2.0.0.a(sensit_api.o)
                0x0000000008002174                SENSIT_API_set_rgb_led
 .text.SENSIT_API_set_white_led
                0x00000000080021a4       0x18 lib/libSENSIT_SDK_V2.0.0.a(sensit_api.o)
                0x00000000080021a4                SENSIT_API_set_white_led
 .text.SENSIT_API_get_battery_level
                0x00000000080021bc        0xe lib/libSENSIT_SDK_V2.0.0.a(sensit_api.o)
                0x00000000080021bc                SENSIT_API_get_battery_level
 .text.SENSIT_API_get_current_time
                0x00000000080021ca        0xe lib/libSENSIT_SDK_V2.0.0.a(sensit_api.o)
                0x00000000080021ca                SENSIT_API_get_current_time
 .text.SENSIT_API_wait
                0x00000000080021d8        0xa lib/libSENSIT_SDK_V2.0.0.a(sensit_api.o)
                0x00000000080021d8                SENSIT_API_wait
 *fill*         0x00000000080021e2        0x2 
 .text.SENSIT_API_configure_reed_switch
                0x00000000080021e4       0x70 lib/libSENSIT_SDK_V2.0.0.a(sensit_api.o)
                0x00000000080021e4                SENSIT_API_configure_reed_switch
 .text.SENSIT_API_get_reed_switch_state
                0x0000000008002254       0x24 lib/libSENSIT_SDK_V2.0.0.a(sensit_api.o)
                0x0000000008002254                SENSIT_API_get_reed_switch_state
 .text.SENSIT_API_write_read_i2c_bus
                0x0000000008002278       0x20 lib/libSENSIT_SDK_V2.0.0.a(sensit_api.o)
                0x0000000008002278                SENSIT_API_write_read_i2c_bus
 .text.SENSIT_API_configure_fxos8700_interrupt
                0x0000000008002298       0x30 lib/libSENSIT_SDK_V2.0.0.a(sensit_api.o)
                0x0000000008002298                SENSIT_API_configure_fxos8700_interrupt
 .text.SENSIT_API_reset_device_sequence_number
                0x00000000080022c8       0x20 lib/libSENSIT_SDK_V2.0.0.a(sensit_api.o)
                0x00000000080022c8                SENSIT_API_reset_device_sequence_number
 .text.SIGFOX_API_open
                0x00000000080022e8      0x1b4 lib/libSENSIT_SDK_V2.0.0.a(sigfox_api.o)
                0x00000000080022e8                SIGFOX_API_open
 .text.SIGFOX_API_send_frame
                0x000000000800249c       0x48 lib/libSENSIT_SDK_V2.0.0.a(sigfox_api.o)
                0x000000000800249c                SIGFOX_API_send_frame
 .text.SIGFOX_API_set_std_config
                0x00000000080024e4       0x90 lib/libSENSIT_SDK_V2.0.0.a(sigfox_api.o)
                0x00000000080024e4                SIGFOX_API_set_std_config
 .text.SIGFOX_INT_randomize
                0x0000000008002574       0x16 lib/libSENSIT_SDK_V2.0.0.a(sigfox_internal.o)
                0x0000000008002574                SIGFOX_INT_randomize
 .text.SIGFOX_INT_get_max_micro_channel
                0x000000000800258a       0x30 lib/libSENSIT_SDK_V2.0.0.a(sigfox_internal.o)
                0x000000000800258a                SIGFOX_INT_get_max_micro_channel
 .text.SIGFOX_INT_get_macro_channel_index
                0x00000000080025ba       0x5a lib/libSENSIT_SDK_V2.0.0.a(sigfox_internal.o)
                0x00000000080025ba                SIGFOX_INT_get_macro_channel_index
 .text.SIGFOX_INT_dc_lbt_channel_pn_max
                0x0000000008002614       0x30 lib/libSENSIT_SDK_V2.0.0.a(sigfox_internal.o)
                0x0000000008002614                SIGFOX_INT_dc_lbt_channel_pn_max
 .text.SIGFOX_INT_dc_lbt_channel_pn_min
                0x0000000008002644       0x22 lib/libSENSIT_SDK_V2.0.0.a(sigfox_internal.o)
                0x0000000008002644                SIGFOX_INT_dc_lbt_channel_pn_min
 .text.RETURN_CODE
                0x0000000008002666        0x8 lib/libSENSIT_SDK_V2.0.0.a(sigfox_internal.o)
                0x0000000008002666                RETURN_CODE
 *fill*         0x000000000800266e        0x2 
 .text.SIGFOX_INT_compute_channels
                0x0000000008002670      0x134 lib/libSENSIT_SDK_V2.0.0.a(sigfox_internal.o)
                0x0000000008002670                SIGFOX_INT_compute_channels
 .text.SIGFOX_INT_compute_carrier_sense_frequency
                0x00000000080027a4       0x2e lib/libSENSIT_SDK_V2.0.0.a(sigfox_internal.o)
                0x00000000080027a4                SIGFOX_INT_compute_carrier_sense_frequency
 .text.SIGFOX_INT_store_nvm
                0x00000000080027d2       0x32 lib/libSENSIT_SDK_V2.0.0.a(sigfox_internal.o)
                0x00000000080027d2                SIGFOX_INT_store_nvm
 .text.SIGFOX_INT_build_frame
                0x0000000008002804      0x1da lib/libSENSIT_SDK_V2.0.0.a(sigfox_internal.o)
                0x0000000008002804                SIGFOX_INT_build_frame
 *fill*         0x00000000080029de        0x2 
 .text.SIGFOX_INT_prepare_transmission
                0x00000000080029e0       0x88 lib/libSENSIT_SDK_V2.0.0.a(sigfox_internal.o)
                0x00000000080029e0                SIGFOX_INT_prepare_transmission
 .text.SIGFOX_INT_send_single_frame
                0x0000000008002a68       0x98 lib/libSENSIT_SDK_V2.0.0.a(sigfox_internal.o)
                0x0000000008002a68                SIGFOX_INT_send_single_frame
 .text.SIGFOX_INT_execute_carrier_sense
                0x0000000008002b00       0x3a lib/libSENSIT_SDK_V2.0.0.a(sigfox_internal.o)
                0x0000000008002b00                SIGFOX_INT_execute_carrier_sense
 .text.SIGFOX_INT_downlink_configuration
                0x0000000008002b3a       0x4c lib/libSENSIT_SDK_V2.0.0.a(sigfox_internal.o)
                0x0000000008002b3a                SIGFOX_INT_downlink_configuration
 .text.SIGFOX_INT_get_received_frames
                0x0000000008002b86      0x10a lib/libSENSIT_SDK_V2.0.0.a(sigfox_internal.o)
                0x0000000008002b86                SIGFOX_INT_get_received_frames
 .text.SIGFOX_INT_process_downlink
                0x0000000008002c90       0x46 lib/libSENSIT_SDK_V2.0.0.a(sigfox_internal.o)
                0x0000000008002c90                SIGFOX_INT_process_downlink
 *fill*         0x0000000008002cd6        0x2 
 .text.SIGFOX_INT_compute_uplink_frequency
                0x0000000008002cd8       0x94 lib/libSENSIT_SDK_V2.0.0.a(sigfox_internal.o)
                0x0000000008002cd8                SIGFOX_INT_compute_uplink_frequency
 .text.SIGFOX_INT_process_uplink
                0x0000000008002d6c      0x28c lib/libSENSIT_SDK_V2.0.0.a(sigfox_internal.o)
                0x0000000008002d6c                SIGFOX_INT_process_uplink
 .text.SIGFOX_INT_execute_communication_sequence
                0x0000000008002ff8      0x118 lib/libSENSIT_SDK_V2.0.0.a(sigfox_internal.o)
                0x0000000008002ff8                SIGFOX_INT_execute_communication_sequence
 .text.SIGFOX_INT_get_device_id
                0x0000000008003110       0x18 lib/libSENSIT_SDK_V2.0.0.a(sigfox_internal.o)
                0x0000000008003110                SIGFOX_INT_get_device_id
 .text.SIGFOX_PN_next_pn
                0x0000000008003128       0x50 lib/libSENSIT_SDK_V2.0.0.a(sigfox_pn.o)
                0x0000000008003128                SIGFOX_PN_next_pn
 .text.SIGFOX_SCRAMB_compute
                0x0000000008003178       0x8c lib/libSENSIT_SDK_V2.0.0.a(sigfox_scramb.o)
                0x0000000008003178                SIGFOX_SCRAMB_compute
 .text.SLEEP_handler
                0x0000000008003204       0x88 lib/libSENSIT_SDK_V2.0.0.a(sleep.o)
                0x0000000008003204                SLEEP_handler
 .text.SPI_init
                0x000000000800328c       0x30 lib/libSENSIT_SDK_V2.0.0.a(spi.o)
                0x000000000800328c                SPI_init
 .text.SPI_disable
                0x00000000080032bc       0x34 lib/libSENSIT_SDK_V2.0.0.a(spi.o)
                0x00000000080032bc                SPI_disable
 .text.SPI_enable
                0x00000000080032f0       0x30 lib/libSENSIT_SDK_V2.0.0.a(spi.o)
                0x00000000080032f0                SPI_enable
 .text.SPI_write_read
                0x0000000008003320       0x2c lib/libSENSIT_SDK_V2.0.0.a(spi.o)
                0x0000000008003320                SPI_write_read
 .text.Reset_Handler
                0x000000000800334c       0x80 lib/libSENSIT_SDK_V2.0.0.a(startup_stm32f042x6.o)
                0x000000000800334c                Reset_Handler
 .text.Default_Handler
                0x00000000080033cc        0x2 lib/libSENSIT_SDK_V2.0.0.a(startup_stm32f042x6.o)
                0x00000000080033cc                TIM1_BRK_UP_TRG_COM_IRQHandler
                0x00000000080033cc                TSC_IRQHandler
                0x00000000080033cc                SysTick_Handler
                0x00000000080033cc                PendSV_Handler
                0x00000000080033cc                I2C1_IRQHandler
                0x00000000080033cc                RCC_CRS_IRQHandler
                0x00000000080033cc                SPI1_IRQHandler
                0x00000000080033cc                EXTI2_3_IRQHandler
                0x00000000080033cc                ADC1_IRQHandler
                0x00000000080033cc                TIM17_IRQHandler
                0x00000000080033cc                CEC_CAN_IRQHandler
                0x00000000080033cc                PVD_VDDIO2_IRQHandler
                0x00000000080033cc                TIM3_IRQHandler
                0x00000000080033cc                DMA1_Channel1_IRQHandler
                0x00000000080033cc                Default_Handler
                0x00000000080033cc                TIM14_IRQHandler
                0x00000000080033cc                DMA1_Channel4_5_IRQHandler
                0x00000000080033cc                EXTI0_1_IRQHandler
                0x00000000080033cc                SPI2_IRQHandler
                0x00000000080033cc                SVC_Handler
                0x00000000080033cc                DMA1_Channel2_3_IRQHandler
                0x00000000080033cc                USART2_IRQHandler
                0x00000000080033cc                FLASH_IRQHandler
                0x00000000080033cc                TIM1_CC_IRQHandler
 *fill*         0x00000000080033ce        0x2 
 .text.SystemInit
                0x00000000080033d0      0x178 lib/libSENSIT_SDK_V2.0.0.a(system_stm32f0xx.o)
                0x00000000080033d0                SystemInit
 .text.SYSTICK_wait_ms
                0x0000000008003548       0x84 lib/libSENSIT_SDK_V2.0.0.a(systick.o)
                0x0000000008003548                SYSTICK_wait_ms
 .text.SYSTICK_wait_tick
                0x00000000080035cc       0x38 lib/libSENSIT_SDK_V2.0.0.a(systick.o)
                0x00000000080035cc                SYSTICK_wait_tick
 .text.USART1_IRQHandler
                0x0000000008003604       0x68 lib/libSENSIT_SDK_V2.0.0.a(uart.o)
                0x0000000008003604                USART1_IRQHandler
 .text.HAL_PCD_SetupStageCallback
                0x000000000800366c       0x14 lib/libSENSIT_SDK_V2.0.0.a(usbd_conf.o)
                0x000000000800366c                HAL_PCD_SetupStageCallback
 .text.HAL_PCD_DataOutStageCallback
                0x0000000008003680       0x18 lib/libSENSIT_SDK_V2.0.0.a(usbd_conf.o)
                0x0000000008003680                HAL_PCD_DataOutStageCallback
 .text.HAL_PCD_DataInStageCallback
                0x0000000008003698       0x16 lib/libSENSIT_SDK_V2.0.0.a(usbd_conf.o)
                0x0000000008003698                HAL_PCD_DataInStageCallback
 .text.HAL_PCD_SOFCallback
                0x00000000080036ae        0xe lib/libSENSIT_SDK_V2.0.0.a(usbd_conf.o)
                0x00000000080036ae                HAL_PCD_SOFCallback
 .text.HAL_PCD_ResetCallback
                0x00000000080036bc       0x18 lib/libSENSIT_SDK_V2.0.0.a(usbd_conf.o)
                0x00000000080036bc                HAL_PCD_ResetCallback
 .text.HAL_PCD_SuspendCallback
                0x00000000080036d4        0xe lib/libSENSIT_SDK_V2.0.0.a(usbd_conf.o)
                0x00000000080036d4                HAL_PCD_SuspendCallback
 .text.HAL_PCD_ResumeCallback
                0x00000000080036e2        0xe lib/libSENSIT_SDK_V2.0.0.a(usbd_conf.o)
                0x00000000080036e2                HAL_PCD_ResumeCallback
 .text.USBD_LL_OpenEP
                0x00000000080036f0       0x16 lib/libSENSIT_SDK_V2.0.0.a(usbd_conf.o)
                0x00000000080036f0                USBD_LL_OpenEP
 .text.USBD_LL_StallEP
                0x0000000008003706       0x10 lib/libSENSIT_SDK_V2.0.0.a(usbd_conf.o)
                0x0000000008003706                USBD_LL_StallEP
 .text.USBD_LL_ClearStallEP
                0x0000000008003716       0x10 lib/libSENSIT_SDK_V2.0.0.a(usbd_conf.o)
                0x0000000008003716                USBD_LL_ClearStallEP
 .text.USBD_LL_IsStallEP
                0x0000000008003726       0x26 lib/libSENSIT_SDK_V2.0.0.a(usbd_conf.o)
                0x0000000008003726                USBD_LL_IsStallEP
 .text.USBD_LL_SetUSBAddress
                0x000000000800374c       0x10 lib/libSENSIT_SDK_V2.0.0.a(usbd_conf.o)
                0x000000000800374c                USBD_LL_SetUSBAddress
 .text.USBD_LL_Transmit
                0x000000000800375c       0x10 lib/libSENSIT_SDK_V2.0.0.a(usbd_conf.o)
                0x000000000800375c                USBD_LL_Transmit
 .text.USBD_LL_PrepareReceive
                0x000000000800376c       0x10 lib/libSENSIT_SDK_V2.0.0.a(usbd_conf.o)
                0x000000000800376c                USBD_LL_PrepareReceive
 .text.USB_IRQHandler
                0x000000000800377c       0x10 lib/libSENSIT_SDK_V2.0.0.a(usbd_conf.o)
                0x000000000800377c                USB_IRQHandler
 .text.USBD_SetClassConfig
                0x000000000800378c       0x1a lib/libSENSIT_SDK_V2.0.0.a(usbd_core.o)
                0x000000000800378c                USBD_SetClassConfig
 .text.USBD_ClrClassConfig
                0x00000000080037a6       0x10 lib/libSENSIT_SDK_V2.0.0.a(usbd_core.o)
                0x00000000080037a6                USBD_ClrClassConfig
 *fill*         0x00000000080037b6        0x2 
 .text.USBD_LL_SetupStage
                0x00000000080037b8       0x68 lib/libSENSIT_SDK_V2.0.0.a(usbd_core.o)
                0x00000000080037b8                USBD_LL_SetupStage
 .text.USBD_LL_DataOutStage
                0x0000000008003820       0x74 lib/libSENSIT_SDK_V2.0.0.a(usbd_core.o)
                0x0000000008003820                USBD_LL_DataOutStage
 .text.USBD_LL_DataInStage
                0x0000000008003894       0xac lib/libSENSIT_SDK_V2.0.0.a(usbd_core.o)
                0x0000000008003894                USBD_LL_DataInStage
 .text.USBD_LL_Reset
                0x0000000008003940       0x48 lib/libSENSIT_SDK_V2.0.0.a(usbd_core.o)
                0x0000000008003940                USBD_LL_Reset
 .text.USBD_LL_SetSpeed
                0x0000000008003988        0x6 lib/libSENSIT_SDK_V2.0.0.a(usbd_core.o)
                0x0000000008003988                USBD_LL_SetSpeed
 .text.USBD_LL_Suspend
                0x000000000800398e       0x16 lib/libSENSIT_SDK_V2.0.0.a(usbd_core.o)
                0x000000000800398e                USBD_LL_Suspend
 .text.USBD_LL_Resume
                0x00000000080039a4        0xe lib/libSENSIT_SDK_V2.0.0.a(usbd_core.o)
                0x00000000080039a4                USBD_LL_Resume
 .text.USBD_LL_SOF
                0x00000000080039b2       0x1e lib/libSENSIT_SDK_V2.0.0.a(usbd_core.o)
                0x00000000080039b2                USBD_LL_SOF
 .text.USBD_CtlError.constprop.0
                0x00000000080039d0       0x14 lib/libSENSIT_SDK_V2.0.0.a(usbd_ctlreq.o)
 .text.USBD_StdDevReq
                0x00000000080039e4      0x224 lib/libSENSIT_SDK_V2.0.0.a(usbd_ctlreq.o)
                0x00000000080039e4                USBD_StdDevReq
 .text.USBD_StdItfReq
                0x0000000008003c08       0x38 lib/libSENSIT_SDK_V2.0.0.a(usbd_ctlreq.o)
                0x0000000008003c08                USBD_StdItfReq
 .text.USBD_StdEPReq
                0x0000000008003c40       0xd4 lib/libSENSIT_SDK_V2.0.0.a(usbd_ctlreq.o)
                0x0000000008003c40                USBD_StdEPReq
 .text.USBD_ParseSetupRequest
                0x0000000008003d14       0x28 lib/libSENSIT_SDK_V2.0.0.a(usbd_ctlreq.o)
                0x0000000008003d14                USBD_ParseSetupRequest
 .text.USBD_CtlSendData
                0x0000000008003d3c       0x1c lib/libSENSIT_SDK_V2.0.0.a(usbd_ioreq.o)
                0x0000000008003d3c                USBD_CtlSendData
 .text.USBD_CtlContinueSendData
                0x0000000008003d58       0x10 lib/libSENSIT_SDK_V2.0.0.a(usbd_ioreq.o)
                0x0000000008003d58                USBD_CtlContinueSendData
 .text.USBD_CtlContinueRx
                0x0000000008003d68       0x10 lib/libSENSIT_SDK_V2.0.0.a(usbd_ioreq.o)
                0x0000000008003d68                USBD_CtlContinueRx
 .text.USBD_CtlSendStatus
                0x0000000008003d78       0x18 lib/libSENSIT_SDK_V2.0.0.a(usbd_ioreq.o)
                0x0000000008003d78                USBD_CtlSendStatus
 .text.USBD_CtlReceiveStatus
                0x0000000008003d90       0x18 lib/libSENSIT_SDK_V2.0.0.a(usbd_ioreq.o)
                0x0000000008003d90                USBD_CtlReceiveStatus
 .text.WATCHDOG_clear
                0x0000000008003da8       0x10 lib/libSENSIT_SDK_V2.0.0.a(watchdog.o)
                0x0000000008003da8                WATCHDOG_clear
 .text.ADC_init
                0x0000000008003db8       0x88 lib/libSENSIT_SDK_V2.0.0.a(adc.o)
                0x0000000008003db8                ADC_init
 .text.ADC_measure_battery
                0x0000000008003e40       0x84 lib/libSENSIT_SDK_V2.0.0.a(adc.o)
                0x0000000008003e40                ADC_measure_battery
 .text.ADC_get_last_battery_level
                0x0000000008003ec4        0xc lib/libSENSIT_SDK_V2.0.0.a(adc.o)
                0x0000000008003ec4                ADC_get_last_battery_level
 .text.ADC_get_battery_level
                0x0000000008003ed0       0x10 lib/libSENSIT_SDK_V2.0.0.a(adc.o)
                0x0000000008003ed0                ADC_get_battery_level
 .text.ADC_measure_temperature
                0x0000000008003ee0       0x68 lib/libSENSIT_SDK_V2.0.0.a(adc.o)
                0x0000000008003ee0                ADC_measure_temperature
 .text.AESEncode
                0x0000000008003f48      0x1c0 lib/libSENSIT_SDK_V2.0.0.a(aes.o)
                0x0000000008003f48                AESEncode
 .text.calibReadHSI48clk
                0x0000000008004108       0x84 lib/libSENSIT_SDK_V2.0.0.a(calib.o)
 .text.calibRTCclkIsCalibrated
                0x000000000800418c      0x1a0 lib/libSENSIT_SDK_V2.0.0.a(calib.o)
                0x000000000800418c                calibRTCclkIsCalibrated
 .text.calibHSI48clkIsCalibrated
                0x000000000800432c       0x90 lib/libSENSIT_SDK_V2.0.0.a(calib.o)
                0x000000000800432c                calibHSI48clkIsCalibrated
 .text.CC1125_send_strobe
                0x00000000080043bc       0x2c lib/libSENSIT_SDK_V2.0.0.a(cc1125.o)
                0x00000000080043bc                CC1125_send_strobe
 .text.CC1125_write_reg
                0x00000000080043e8       0x54 lib/libSENSIT_SDK_V2.0.0.a(cc1125.o)
                0x00000000080043e8                CC1125_write_reg
 .text.CC1125_read_reg
                0x000000000800443c       0x54 lib/libSENSIT_SDK_V2.0.0.a(cc1125.o)
                0x000000000800443c                CC1125_read_reg
 .text.CC1125_output_clock
                0x0000000008004490       0x18 lib/libSENSIT_SDK_V2.0.0.a(cc1125.o)
                0x0000000008004490                CC1125_output_clock
 .text.CRC_compute
                0x00000000080044a8       0x4c lib/libSENSIT_SDK_V2.0.0.a(crc.o)
                0x00000000080044a8                CRC_compute
 .text.FLASH_unlock
                0x00000000080044f4       0x3c lib/libSENSIT_SDK_V2.0.0.a(flash.o)
                0x00000000080044f4                FLASH_unlock
 .text.FLASH_lock
                0x0000000008004530       0x14 lib/libSENSIT_SDK_V2.0.0.a(flash.o)
                0x0000000008004530                FLASH_lock
 .text.FLASH_write
                0x0000000008004544       0x40 lib/libSENSIT_SDK_V2.0.0.a(flash.o)
                0x0000000008004544                FLASH_write
 .text.FLASH_erase_page
                0x0000000008004584       0x90 lib/libSENSIT_SDK_V2.0.0.a(flash.o)
                0x0000000008004584                FLASH_erase_page
 .text._handler
                0x0000000008004614       0x44 lib/libSENSIT_SDK_V2.0.0.a(gpio.o)
 .text.GPIO_init
                0x0000000008004658       0xcc lib/libSENSIT_SDK_V2.0.0.a(gpio.o)
                0x0000000008004658                GPIO_init
 .text.EXTI4_15_IRQHandler
                0x0000000008004724       0x88 lib/libSENSIT_SDK_V2.0.0.a(gpio.o)
                0x0000000008004724                EXTI4_15_IRQHandler
 .text.HardFault_Handler
                0x00000000080047ac        0x8 lib/libSENSIT_SDK_V2.0.0.a(gpio.o)
                0x00000000080047ac                HardFault_Handler
 .text.NMI_Handler
                0x00000000080047b4        0x8 lib/libSENSIT_SDK_V2.0.0.a(gpio.o)
                0x00000000080047b4                NMI_Handler
 .text.WWDG_IRQHandler
                0x00000000080047bc        0x8 lib/libSENSIT_SDK_V2.0.0.a(gpio.o)
                0x00000000080047bc                WWDG_IRQHandler
 .text.I2C_init
                0x00000000080047c4       0x30 lib/libSENSIT_SDK_V2.0.0.a(i2c.o)
                0x00000000080047c4                I2C_init
 .text.I2C_write_read
                0x00000000080047f4      0x160 lib/libSENSIT_SDK_V2.0.0.a(i2c.o)
                0x00000000080047f4                I2C_write_read
 .text.LED_set_toggle_color
                0x0000000008004954        0xc lib/libSENSIT_SDK_V2.0.0.a(led.o)
                0x0000000008004954                LED_set_toggle_color
 .text.LED_toggle
                0x0000000008004960       0x5c lib/libSENSIT_SDK_V2.0.0.a(led.o)
                0x0000000008004960                LED_toggle
 .text.my_memcpy
                0x00000000080049bc       0x1c lib/libSENSIT_SDK_V2.0.0.a(my_string.o)
                0x00000000080049bc                my_memcpy
 .text.my_memcmp
                0x00000000080049d8       0x1c lib/libSENSIT_SDK_V2.0.0.a(my_string.o)
                0x00000000080049d8                my_memcmp
 .text.REED_SWITCH_enable
                0x00000000080049f4       0x24 lib/libSENSIT_SDK_V2.0.0.a(reed_switch.o)
                0x00000000080049f4                REED_SWITCH_enable
 .text.REED_SWITCH_disable
                0x0000000008004a18       0x16 lib/libSENSIT_SDK_V2.0.0.a(reed_switch.o)
                0x0000000008004a18                REED_SWITCH_disable
 *fill*         0x0000000008004a2e        0x2 
 .text.RF_API_init
                0x0000000008004a30       0x64 lib/libSENSIT_SDK_V2.0.0.a(rf_api.o)
                0x0000000008004a30                RF_API_init
 .text.RF_API_stop
                0x0000000008004a94       0x28 lib/libSENSIT_SDK_V2.0.0.a(rf_api.o)
                0x0000000008004a94                RF_API_stop
 .text.RF_API_send
                0x0000000008004abc       0x3c lib/libSENSIT_SDK_V2.0.0.a(rf_api.o)
                0x0000000008004abc                RF_API_send
 .text.RF_API_change_frequency
                0x0000000008004af8      0x180 lib/libSENSIT_SDK_V2.0.0.a(rf_api.o)
                0x0000000008004af8                RF_API_change_frequency
 .text.RF_API_wait_frame
                0x0000000008004c78       0xe0 lib/libSENSIT_SDK_V2.0.0.a(rf_api.o)
                0x0000000008004c78                RF_API_wait_frame
 .text.RF_API_wait_for_clear_channel
                0x0000000008004d58       0xb0 lib/libSENSIT_SDK_V2.0.0.a(rf_api.o)
                0x0000000008004d58                RF_API_wait_for_clear_channel
 .text.SIGFOX_CRC_crc16
                0x0000000008004e08       0x3c lib/libSENSIT_SDK_V2.0.0.a(sigfox_crc.o)
                0x0000000008004e08                SIGFOX_CRC_crc16
 .text.SIGFOX_CRC_crc8
                0x0000000008004e44       0x34 lib/libSENSIT_SDK_V2.0.0.a(sigfox_crc.o)
                0x0000000008004e44                SIGFOX_CRC_crc8
 .text.SIGFOX_DECODE_dewhitening_pn
                0x0000000008004e78       0x26 lib/libSENSIT_SDK_V2.0.0.a(sigfox_decode.o)
 *fill*         0x0000000008004e9e        0x2 
 .text.SIGFOX_DECODE_decode_frame
                0x0000000008004ea0      0x164 lib/libSENSIT_SDK_V2.0.0.a(sigfox_decode.o)
                0x0000000008004ea0                SIGFOX_DECODE_decode_frame
 .text.SIGFOX_HMAC_compute_aes
                0x0000000008005004       0x54 lib/libSENSIT_SDK_V2.0.0.a(sigfox_hmac.o)
                0x0000000008005004                SIGFOX_HMAC_compute_aes
 .text.PCD_WritePMA
                0x0000000008005058       0x28 lib/libSENSIT_SDK_V2.0.0.a(stm32f0xx_hal_pcd.o)
 .text.PCD_ReadPMA
                0x0000000008005080       0x20 lib/libSENSIT_SDK_V2.0.0.a(stm32f0xx_hal_pcd.o)
 .text.HAL_PCD_SetAddress
                0x00000000080050a0       0x2c lib/libSENSIT_SDK_V2.0.0.a(stm32f0xx_hal_pcd.o)
                0x00000000080050a0                HAL_PCD_SetAddress
 .text.HAL_PCD_EP_Open
                0x00000000080050cc      0x2b0 lib/libSENSIT_SDK_V2.0.0.a(stm32f0xx_hal_pcd.o)
                0x00000000080050cc                HAL_PCD_EP_Open
 .text.HAL_PCD_EP_Receive
                0x000000000800537c       0xe8 lib/libSENSIT_SDK_V2.0.0.a(stm32f0xx_hal_pcd.o)
                0x000000000800537c                HAL_PCD_EP_Receive
 .text.HAL_PCD_EP_Transmit
                0x0000000008005464      0x1e4 lib/libSENSIT_SDK_V2.0.0.a(stm32f0xx_hal_pcd.o)
                0x0000000008005464                HAL_PCD_EP_Transmit
 .text.HAL_PCD_IRQHandler
                0x0000000008005648      0x464 lib/libSENSIT_SDK_V2.0.0.a(stm32f0xx_hal_pcd.o)
                0x0000000008005648                HAL_PCD_IRQHandler
 .text.HAL_PCD_EP_SetStall
                0x0000000008005aac       0x90 lib/libSENSIT_SDK_V2.0.0.a(stm32f0xx_hal_pcd.o)
                0x0000000008005aac                HAL_PCD_EP_SetStall
 .text.HAL_PCD_EP_ClrStall
                0x0000000008005b3c       0xbc lib/libSENSIT_SDK_V2.0.0.a(stm32f0xx_hal_pcd.o)
                0x0000000008005b3c                HAL_PCD_EP_ClrStall
 .text.MODULATION_ramp_up
                0x0000000008005bf8       0x28 lib/libSENSIT_SDK_V2.0.0.a(modulation.o)
 .text.MODULATION_ramp_down
                0x0000000008005c20       0x2c lib/libSENSIT_SDK_V2.0.0.a(modulation.o)
 .text.MODULATION_init
                0x0000000008005c4c       0xe0 lib/libSENSIT_SDK_V2.0.0.a(modulation.o)
                0x0000000008005c4c                MODULATION_init
 .text.MODULATION_stop
                0x0000000008005d2c       0x3c lib/libSENSIT_SDK_V2.0.0.a(modulation.o)
                0x0000000008005d2c                MODULATION_stop
 .text.MODULATION_process
                0x0000000008005d68       0xa4 lib/libSENSIT_SDK_V2.0.0.a(modulation.o)
                0x0000000008005d68                MODULATION_process
 .text.TIM2_IRQHandler
                0x0000000008005e0c       0x2c lib/libSENSIT_SDK_V2.0.0.a(modulation.o)
                0x0000000008005e0c                TIM2_IRQHandler
 .text.__libc_init_array
                0x0000000008005e38       0x44 /Users/nxtview/Documents/Sensit_project/gcc-arm-none-eabi-8-2018-q4-major/bin/../lib/gcc/arm-none-eabi/8.2.1/../../../../arm-none-eabi/lib/thumb/v6-m/nofp/libc.a(lib_a-init.o)
                0x0000000008005e38                __libc_init_array
 .text.memset   0x0000000008005e7c       0xa8 /Users/nxtview/Documents/Sensit_project/gcc-arm-none-eabi-8-2018-q4-major/bin/../lib/gcc/arm-none-eabi/8.2.1/../../../../arm-none-eabi/lib/thumb/v6-m/nofp/libc.a(lib_a-memset.o)
                0x0000000008005e7c                memset
 *(.glue_7)
 .glue_7        0x0000000008005f24        0x0 linker stubs
 *(.glue_7t)
 .glue_7t       0x0000000008005f24        0x0 linker stubs
 *(.eh_frame)
 *(.init)
 *(.fini)
                0x0000000008005f24                . = ALIGN (0x4)
                0x0000000008005f24                _etext = .

.vfp11_veneer   0x0000000008005f24        0x0
 .vfp11_veneer  0x0000000008005f24        0x0 linker stubs

.v4_bx          0x0000000008005f24        0x0
 .v4_bx         0x0000000008005f24        0x0 linker stubs

.iplt           0x0000000008005f24        0x0
 .iplt          0x0000000008005f24        0x0 obj/error.o

.rodata         0x0000000008005f24      0x3f0
                0x0000000008005f24                . = ALIGN (0x4)
 *(.rodata)
 .rodata        0x0000000008005f24       0x10 lib/libSENSIT_SDK_V2.0.0.a(nvmem_api.o)
 .rodata        0x0000000008005f34       0x34 lib/libSENSIT_SDK_V2.0.0.a(sigfox_internal.o)
                0x0000000008005f34                fsync_lut_tx
                0x0000000008005f58                public_key
 .rodata        0x0000000008005f68       0x10 lib/libSENSIT_SDK_V2.0.0.a(sigfox_scramb.o)
 .rodata        0x0000000008005f78      0x100 lib/libSENSIT_SDK_V2.0.0.a(aes.o)
                0x0000000008005f78                STable
 .rodata        0x0000000008006078      0x190 lib/libSENSIT_SDK_V2.0.0.a(rf_api.o)
 .rodata        0x0000000008006208       0x20 lib/libSENSIT_SDK_V2.0.0.a(sigfox_decode.o)
                0x0000000008006208                pow_alpha
                0x0000000008006218                log_alpha
 .rodata        0x0000000008006228       0xac /Users/nxtview/Documents/Sensit_project/gcc-arm-none-eabi-8-2018-q4-major/bin/../lib/gcc/arm-none-eabi/8.2.1/thumb/v6-m/nofp/libgcc.a(divsf3.o)
 .rodata        0x00000000080062d4       0x40 /Users/nxtview/Documents/Sensit_project/gcc-arm-none-eabi-8-2018-q4-major/bin/../lib/gcc/arm-none-eabi/8.2.1/thumb/v6-m/nofp/libgcc.a(mulsf3.o)
 *(.rodata*)
                0x0000000008006314                . = ALIGN (0x4)

.rel.dyn        0x0000000008006314        0x0
 .rel.iplt      0x0000000008006314        0x0 obj/error.o

.ARM.extab      0x0000000008006314        0x0
                0x0000000008006314                . = ALIGN (0x4)
 *(.ARM.extab* .gnu.linkonce.armextab.*)
                0x0000000008006314                . = ALIGN (0x4)

.ARM            0x0000000008006314        0x0
                0x0000000008006314                . = ALIGN (0x4)
                0x0000000008006314                __exidx_start = .
 *(.ARM.exidx*)
                0x0000000008006314                __exidx_end = .
                0x0000000008006314                . = ALIGN (0x4)

.preinit_array  0x0000000008006314        0x0
                0x0000000008006314                . = ALIGN (0x4)
                0x0000000008006314                PROVIDE (__preinit_array_start = .)
 *(.preinit_array*)
                0x0000000008006314                PROVIDE (__preinit_array_end = .)
                0x0000000008006314                . = ALIGN (0x4)

.init_array     0x0000000008006314        0x0
                0x0000000008006314                . = ALIGN (0x4)
                0x0000000008006314                PROVIDE (__init_array_start = .)
 *(SORT_BY_NAME(.init_array.*))
 *(.init_array*)
                0x0000000008006314                PROVIDE (__init_array_end = .)
                0x0000000008006314                . = ALIGN (0x4)

.fini_array     0x0000000008006314        0x0
                0x0000000008006314                . = ALIGN (0x4)
                [!provide]                        PROVIDE (__fini_array_start = .)
 *(SORT_BY_NAME(.fini_array.*))
 *(.fini_array*)
                [!provide]                        PROVIDE (__fini_array_end = .)
                0x0000000008006314                . = ALIGN (0x4)
                0x0000000008006314                _sidata = LOADADDR (.data)

.data           0x0000000020000000      0x1e8 load address 0x0000000008006314
                0x0000000020000000                . = ALIGN (0x4)
                0x0000000020000000                _sdata = .
 *(.data)
 .data          0x0000000020000000        0x2 obj/battery.o
 *fill*         0x0000000020000002        0x2 
 .data          0x0000000020000004       0xa0 obj/radio_api.o
 .data          0x00000000200000a4       0x10 obj/main.o
                0x00000000200000a4                firmware_version
 .data          0x00000000200000b4       0x15 lib/libSENSIT_SDK_V2.0.0.a(nvmem_api.o)
 .data          0x00000000200000c9        0x1 lib/libSENSIT_SDK_V2.0.0.a(radio.o)
 .data          0x00000000200000ca      0x11d lib/libSENSIT_SDK_V2.0.0.a(modulation.o)
 *(.data*)
                0x00000000200001e8                . = ALIGN (0x4)
 *fill*         0x00000000200001e7        0x1 
                0x00000000200001e8                _edata = .

.igot.plt       0x00000000200001e8        0x0 load address 0x00000000080064fc
 .igot.plt      0x00000000200001e8        0x0 obj/error.o
                0x00000000200001e8                . = ALIGN (0x4)

.bss            0x00000000200001e8      0x5d4 load address 0x00000000080064fc
                0x00000000200001e8                _sbss = .
                0x00000000200001e8                __bss_start__ = _sbss
 *(.bss)
 .bss           0x00000000200001e8        0x1 obj/radio_api.o
 *fill*         0x00000000200001e9        0x3 
 .bss           0x00000000200001ec       0x50 obj/etsi.o
 .bss           0x000000002000023c       0x10 obj/fcc.o
 .bss           0x000000002000024c       0x10 obj/hts221.o
 .bss           0x000000002000025c       0xa8 lib/libSENSIT_SDK_V2.0.0.a(mcu_api.o)
 .bss           0x0000000020000304       0x14 lib/libSENSIT_SDK_V2.0.0.a(nvmem_api.o)
 .bss           0x0000000020000318        0x1 lib/libSENSIT_SDK_V2.0.0.a(radio.o)
 *fill*         0x0000000020000319        0x3 
 .bss           0x000000002000031c        0xc lib/libSENSIT_SDK_V2.0.0.a(rtc.o)
                0x000000002000031c                rtc_current_time
                0x0000000020000320                rtc_alarm_timer
                0x0000000020000324                rx_timer
 .bss           0x0000000020000328        0x4 lib/libSENSIT_SDK_V2.0.0.a(sensit_api.o)
 .bss           0x000000002000032c        0x1 lib/libSENSIT_SDK_V2.0.0.a(sigfox_api.o)
                0x000000002000032c                g_state
 .bss           0x000000002000032d        0x1 lib/libSENSIT_SDK_V2.0.0.a(sleep.o)
 .bss           0x000000002000032e      0x204 lib/libSENSIT_SDK_V2.0.0.a(uart.o)
 .bss           0x0000000020000532        0x1 lib/libSENSIT_SDK_V2.0.0.a(usbd_ctlreq.o)
 *fill*         0x0000000020000533        0x1 
 .bss           0x0000000020000534        0x4 lib/libSENSIT_SDK_V2.0.0.a(adc.o)
 .bss           0x0000000020000538        0xc lib/libSENSIT_SDK_V2.0.0.a(calib.o)
 .bss           0x0000000020000544        0x1 lib/libSENSIT_SDK_V2.0.0.a(led.o)
 *fill*         0x0000000020000545        0x3 
 .bss           0x0000000020000548       0x1d lib/libSENSIT_SDK_V2.0.0.a(modulation.o)
 *(.bss*)
 *(COMMON)
 COMMON         0x0000000020000565        0x1 obj/error.o
                0x0000000020000565                pending_interrupt
 *fill*         0x0000000020000566        0x2 
 COMMON         0x0000000020000568        0x9 lib/libSENSIT_SDK_V2.0.0.a(mcu_api.o)
                0x0000000020000568                sleep_end
                0x000000002000056c                cs_timer
                0x0000000020000570                tx_end
 *fill*         0x0000000020000571        0x3 
 COMMON         0x0000000020000574        0x4 lib/libSENSIT_SDK_V2.0.0.a(rtc.o)
                0x0000000020000574                rtc_alarm_reload
 COMMON         0x0000000020000578        0x4 lib/libSENSIT_SDK_V2.0.0.a(sigfox_api.o)
                0x0000000020000578                rs
 COMMON         0x000000002000057c      0x220 lib/libSENSIT_SDK_V2.0.0.a(usbd_conf.o)
                0x000000002000057c                hpcd_USB_FS
 COMMON         0x000000002000079c       0x20 lib/libSENSIT_SDK_V2.0.0.a(sigfox_hmac.o)
                0x000000002000079c                aes_in
                0x00000000200007bc                . = ALIGN (0x4)
                0x00000000200007bc                _ebss = .
                0x00000000200007bc                __bss_end__ = _ebss

._user_heap_stack
                0x00000000200007bc      0x404 load address 0x00000000080064fc
                0x00000000200007c0                . = ALIGN (0x8)
 *fill*         0x00000000200007bc        0x4 
                [!provide]                        PROVIDE (end = .)
                [!provide]                        PROVIDE (_end = .)
                0x00000000200007c0                . = (. + _Min_Heap_Size)
                0x0000000020000bc0                . = (. + _Min_Stack_Size)
 *fill*         0x00000000200007c0      0x400 
                0x0000000020000bc0                . = ALIGN (0x8)

/DISCARD/
 libc.a(*)
 libm.a(*)
 libgcc.a(*)

.ARM.attributes
                0x0000000000000000       0x2a
 *(.ARM.attributes)
 .ARM.attributes
                0x0000000000000000       0x2c obj/error.o
 .ARM.attributes
                0x000000000000002c       0x2c obj/button.o
 .ARM.attributes
                0x0000000000000058       0x2c obj/battery.o
 .ARM.attributes
                0x0000000000000084       0x2c obj/callback.o
 .ARM.attributes
                0x00000000000000b0       0x2c obj/radio_api.o
 .ARM.attributes
                0x00000000000000dc       0x2c obj/etsi.o
 .ARM.attributes
                0x0000000000000108       0x2c obj/fcc.o
 .ARM.attributes
                0x0000000000000134       0x2c obj/hts221.o
 .ARM.attributes
                0x0000000000000160       0x2c obj/ltr329.o
 .ARM.attributes
                0x000000000000018c       0x2c obj/fxos8700.o
 .ARM.attributes
                0x00000000000001b8       0x2c obj/discovery.o
 .ARM.attributes
                0x00000000000001e4       0x2c obj/main.o
 .ARM.attributes
                0x0000000000000210       0x31 lib/libSENSIT_SDK_V2.0.0.a(mcu_api.o)
 .ARM.attributes
                0x0000000000000241       0x31 lib/libSENSIT_SDK_V2.0.0.a(nvmem_api.o)
 .ARM.attributes
                0x0000000000000272       0x31 lib/libSENSIT_SDK_V2.0.0.a(radio.o)
 .ARM.attributes
                0x00000000000002a3       0x31 lib/libSENSIT_SDK_V2.0.0.a(rtc.o)
 .ARM.attributes
                0x00000000000002d4       0x31 lib/libSENSIT_SDK_V2.0.0.a(sensit_api.o)
 .ARM.attributes
                0x0000000000000305       0x31 lib/libSENSIT_SDK_V2.0.0.a(sigfox_api.o)
 .ARM.attributes
                0x0000000000000336       0x31 lib/libSENSIT_SDK_V2.0.0.a(sigfox_internal.o)
 .ARM.attributes
                0x0000000000000367       0x31 lib/libSENSIT_SDK_V2.0.0.a(sigfox_pn.o)
 .ARM.attributes
                0x0000000000000398       0x31 lib/libSENSIT_SDK_V2.0.0.a(sigfox_scramb.o)
 .ARM.attributes
                0x00000000000003c9       0x31 lib/libSENSIT_SDK_V2.0.0.a(sleep.o)
 .ARM.attributes
                0x00000000000003fa       0x31 lib/libSENSIT_SDK_V2.0.0.a(spi.o)
 .ARM.attributes
                0x000000000000042b       0x21 lib/libSENSIT_SDK_V2.0.0.a(startup_stm32f042x6.o)
 .ARM.attributes
                0x000000000000044c       0x31 lib/libSENSIT_SDK_V2.0.0.a(system_stm32f0xx.o)
 .ARM.attributes
                0x000000000000047d       0x31 lib/libSENSIT_SDK_V2.0.0.a(systick.o)
 .ARM.attributes
                0x00000000000004ae       0x31 lib/libSENSIT_SDK_V2.0.0.a(uart.o)
 .ARM.attributes
                0x00000000000004df       0x31 lib/libSENSIT_SDK_V2.0.0.a(usbd_conf.o)
 .ARM.attributes
                0x0000000000000510       0x31 lib/libSENSIT_SDK_V2.0.0.a(usbd_core.o)
 .ARM.attributes
                0x0000000000000541       0x31 lib/libSENSIT_SDK_V2.0.0.a(usbd_ctlreq.o)
 .ARM.attributes
                0x0000000000000572       0x31 lib/libSENSIT_SDK_V2.0.0.a(usbd_ioreq.o)
 .ARM.attributes
                0x00000000000005a3       0x31 lib/libSENSIT_SDK_V2.0.0.a(watchdog.o)
 .ARM.attributes
                0x00000000000005d4       0x31 lib/libSENSIT_SDK_V2.0.0.a(adc.o)
 .ARM.attributes
                0x0000000000000605       0x31 lib/libSENSIT_SDK_V2.0.0.a(aes.o)
 .ARM.attributes
                0x0000000000000636       0x31 lib/libSENSIT_SDK_V2.0.0.a(calib.o)
 .ARM.attributes
                0x0000000000000667       0x31 lib/libSENSIT_SDK_V2.0.0.a(cc1125.o)
 .ARM.attributes
                0x0000000000000698       0x31 lib/libSENSIT_SDK_V2.0.0.a(crc.o)
 .ARM.attributes
                0x00000000000006c9       0x31 lib/libSENSIT_SDK_V2.0.0.a(flash.o)
 .ARM.attributes
                0x00000000000006fa       0x31 lib/libSENSIT_SDK_V2.0.0.a(gpio.o)
 .ARM.attributes
                0x000000000000072b       0x31 lib/libSENSIT_SDK_V2.0.0.a(i2c.o)
 .ARM.attributes
                0x000000000000075c       0x31 lib/libSENSIT_SDK_V2.0.0.a(led.o)
 .ARM.attributes
                0x000000000000078d       0x31 lib/libSENSIT_SDK_V2.0.0.a(my_string.o)
 .ARM.attributes
                0x00000000000007be       0x31 lib/libSENSIT_SDK_V2.0.0.a(reed_switch.o)
 .ARM.attributes
                0x00000000000007ef       0x31 lib/libSENSIT_SDK_V2.0.0.a(rf_api.o)
 .ARM.attributes
                0x0000000000000820       0x31 lib/libSENSIT_SDK_V2.0.0.a(sigfox_crc.o)
 .ARM.attributes
                0x0000000000000851       0x31 lib/libSENSIT_SDK_V2.0.0.a(sigfox_decode.o)
 .ARM.attributes
                0x0000000000000882       0x31 lib/libSENSIT_SDK_V2.0.0.a(sigfox_hmac.o)
 .ARM.attributes
                0x00000000000008b3       0x31 lib/libSENSIT_SDK_V2.0.0.a(stm32f0xx_hal_pcd.o)
 .ARM.attributes
                0x00000000000008e4       0x31 lib/libSENSIT_SDK_V2.0.0.a(modulation.o)
OUTPUT(bin/sensit.elf elf32-littlearm)

.debug_info     0x0000000000000000     0x2adc
 .debug_info    0x0000000000000000      0x3f1 obj/error.o
 .debug_info    0x00000000000003f1      0x206 obj/button.o
 .debug_info    0x00000000000005f7      0x323 obj/battery.o
 .debug_info    0x000000000000091a       0x97 obj/callback.o
 .debug_info    0x00000000000009b1      0x4f5 obj/radio_api.o
 .debug_info    0x0000000000000ea6      0x1a8 obj/etsi.o
 .debug_info    0x000000000000104e      0x194 obj/fcc.o
 .debug_info    0x00000000000011e2      0x38f obj/hts221.o
 .debug_info    0x0000000000001571      0x399 obj/ltr329.o
 .debug_info    0x000000000000190a      0x5f0 obj/fxos8700.o
 .debug_info    0x0000000000001efa      0x3d6 obj/discovery.o
 .debug_info    0x00000000000022d0      0x80c obj/main.o

.debug_abbrev   0x0000000000000000     0x1023
 .debug_abbrev  0x0000000000000000      0x154 obj/error.o
 .debug_abbrev  0x0000000000000154      0x125 obj/button.o
 .debug_abbrev  0x0000000000000279      0x19e obj/battery.o
 .debug_abbrev  0x0000000000000417       0x68 obj/callback.o
 .debug_abbrev  0x000000000000047f      0x1b3 obj/radio_api.o
 .debug_abbrev  0x0000000000000632      0x131 obj/etsi.o
 .debug_abbrev  0x0000000000000763      0x131 obj/fcc.o
 .debug_abbrev  0x0000000000000894      0x158 obj/hts221.o
 .debug_abbrev  0x00000000000009ec      0x156 obj/ltr329.o
 .debug_abbrev  0x0000000000000b42      0x1ed obj/fxos8700.o
 .debug_abbrev  0x0000000000000d2f      0x108 obj/discovery.o
 .debug_abbrev  0x0000000000000e37      0x1ec obj/main.o

.debug_loc      0x0000000000000000      0xeb5
 .debug_loc     0x0000000000000000      0x112 obj/error.o
 .debug_loc     0x0000000000000112       0xb8 obj/button.o
 .debug_loc     0x00000000000001ca       0x8a obj/battery.o
 .debug_loc     0x0000000000000254      0x191 obj/radio_api.o
 .debug_loc     0x00000000000003e5      0x12b obj/etsi.o
 .debug_loc     0x0000000000000510       0xc6 obj/fcc.o
 .debug_loc     0x00000000000005d6      0x28c obj/hts221.o
 .debug_loc     0x0000000000000862      0x19d obj/ltr329.o
 .debug_loc     0x00000000000009ff      0x32a obj/fxos8700.o
 .debug_loc     0x0000000000000d29       0xa3 obj/discovery.o
 .debug_loc     0x0000000000000dcc       0xe9 obj/main.o

.debug_aranges  0x0000000000000000      0x1e0
 .debug_aranges
                0x0000000000000000       0x28 obj/error.o
 .debug_aranges
                0x0000000000000028       0x20 obj/button.o
 .debug_aranges
                0x0000000000000048       0x20 obj/battery.o
 .debug_aranges
                0x0000000000000068       0x20 obj/callback.o
 .debug_aranges
                0x0000000000000088       0x28 obj/radio_api.o
 .debug_aranges
                0x00000000000000b0       0x20 obj/etsi.o
 .debug_aranges
                0x00000000000000d0       0x20 obj/fcc.o
 .debug_aranges
                0x00000000000000f0       0x28 obj/hts221.o
 .debug_aranges
                0x0000000000000118       0x38 obj/ltr329.o
 .debug_aranges
                0x0000000000000150       0x50 obj/fxos8700.o
 .debug_aranges
                0x00000000000001a0       0x20 obj/discovery.o
 .debug_aranges
                0x00000000000001c0       0x20 obj/main.o

.debug_ranges   0x0000000000000000      0x138
 .debug_ranges  0x0000000000000000       0x18 obj/error.o
 .debug_ranges  0x0000000000000018       0x10 obj/button.o
 .debug_ranges  0x0000000000000028       0x10 obj/battery.o
 .debug_ranges  0x0000000000000038       0x10 obj/callback.o
 .debug_ranges  0x0000000000000048       0x18 obj/radio_api.o
 .debug_ranges  0x0000000000000060       0x10 obj/etsi.o
 .debug_ranges  0x0000000000000070       0x10 obj/fcc.o
 .debug_ranges  0x0000000000000080       0x18 obj/hts221.o
 .debug_ranges  0x0000000000000098       0x28 obj/ltr329.o
 .debug_ranges  0x00000000000000c0       0x40 obj/fxos8700.o
 .debug_ranges  0x0000000000000100       0x10 obj/discovery.o
 .debug_ranges  0x0000000000000110       0x28 obj/main.o

.debug_line     0x0000000000000000     0x16c3
 .debug_line    0x0000000000000000      0x1c4 obj/error.o
 .debug_line    0x00000000000001c4      0x107 obj/button.o
 .debug_line    0x00000000000002cb      0x10e obj/battery.o
 .debug_line    0x00000000000003d9       0x66 obj/callback.o
 .debug_line    0x000000000000043f      0x1be obj/radio_api.o
 .debug_line    0x00000000000005fd      0x14b obj/etsi.o
 .debug_line    0x0000000000000748      0x11e obj/fcc.o
 .debug_line    0x0000000000000866      0x2c9 obj/hts221.o
 .debug_line    0x0000000000000b2f      0x25e obj/ltr329.o
 .debug_line    0x0000000000000d8d      0x455 obj/fxos8700.o
 .debug_line    0x00000000000011e2      0x275 obj/discovery.o
 .debug_line    0x0000000000001457      0x26c obj/main.o

.debug_str      0x0000000000000000      0xdaa
 .debug_str     0x0000000000000000      0x2ca obj/error.o
                                        0x2eb (size before relaxing)
 .debug_str     0x00000000000002ca       0x6e obj/button.o
                                        0x279 (size before relaxing)
 .debug_str     0x0000000000000338       0x93 obj/battery.o
                                        0x314 (size before relaxing)
 .debug_str     0x00000000000003cb       0x3d obj/callback.o
                                        0x167 (size before relaxing)
 .debug_str     0x0000000000000408      0x2d1 obj/radio_api.o
                                        0x48a (size before relaxing)
 .debug_str     0x00000000000006d9       0x74 obj/etsi.o
                                        0x204 (size before relaxing)
 .debug_str     0x000000000000074d       0x41 obj/fcc.o
                                        0x1ec (size before relaxing)
 .debug_str     0x000000000000078e       0xa8 obj/hts221.o
                                        0x227 (size before relaxing)
 .debug_str     0x0000000000000836      0x111 obj/ltr329.o
                                        0x2bf (size before relaxing)
 .debug_str     0x0000000000000947      0x15d obj/fxos8700.o
                                        0x30e (size before relaxing)
 .debug_str     0x0000000000000aa4      0x223 obj/discovery.o
                                        0x38a (size before relaxing)
 .debug_str     0x0000000000000cc7       0xe3 obj/main.o
                                        0x6a8 (size before relaxing)

.comment        0x0000000000000000      0x163
 .comment       0x0000000000000000       0x75 obj/error.o
                                         0x76 (size before relaxing)
 .comment       0x0000000000000075       0x76 obj/button.o
 .comment       0x0000000000000075       0x76 obj/battery.o
 .comment       0x0000000000000075       0x76 obj/callback.o
 .comment       0x0000000000000075       0x76 obj/radio_api.o
 .comment       0x0000000000000075       0x76 obj/etsi.o
 .comment       0x0000000000000075       0x76 obj/fcc.o
 .comment       0x0000000000000075       0x76 obj/hts221.o
 .comment       0x0000000000000075       0x76 obj/ltr329.o
 .comment       0x0000000000000075       0x76 obj/fxos8700.o
 .comment       0x0000000000000075       0x76 obj/discovery.o
 .comment       0x0000000000000075       0x76 obj/main.o
 .comment       0x0000000000000075       0x7e lib/libSENSIT_SDK_V2.0.0.a(mcu_api.o)
                                         0x7f (size before relaxing)
 .comment       0x00000000000000f3       0x7f lib/libSENSIT_SDK_V2.0.0.a(nvmem_api.o)
 .comment       0x00000000000000f3       0x7f lib/libSENSIT_SDK_V2.0.0.a(radio.o)
 .comment       0x00000000000000f3       0x7f lib/libSENSIT_SDK_V2.0.0.a(rtc.o)
 .comment       0x00000000000000f3       0x7f lib/libSENSIT_SDK_V2.0.0.a(sensit_api.o)
 .comment       0x00000000000000f3       0x70 lib/libSENSIT_SDK_V2.0.0.a(sigfox_api.o)
                                         0x71 (size before relaxing)
 .comment       0x0000000000000163       0x71 lib/libSENSIT_SDK_V2.0.0.a(sigfox_internal.o)
 .comment       0x0000000000000163       0x71 lib/libSENSIT_SDK_V2.0.0.a(sigfox_pn.o)
 .comment       0x0000000000000163       0x71 lib/libSENSIT_SDK_V2.0.0.a(sigfox_scramb.o)
 .comment       0x0000000000000163       0x7f lib/libSENSIT_SDK_V2.0.0.a(sleep.o)
 .comment       0x0000000000000163       0x7f lib/libSENSIT_SDK_V2.0.0.a(spi.o)
 .comment       0x0000000000000163       0x7f lib/libSENSIT_SDK_V2.0.0.a(system_stm32f0xx.o)
 .comment       0x0000000000000163       0x7f lib/libSENSIT_SDK_V2.0.0.a(systick.o)
 .comment       0x0000000000000163       0x7f lib/libSENSIT_SDK_V2.0.0.a(uart.o)
 .comment       0x0000000000000163       0x7f lib/libSENSIT_SDK_V2.0.0.a(usbd_conf.o)
 .comment       0x0000000000000163       0x7f lib/libSENSIT_SDK_V2.0.0.a(usbd_core.o)
 .comment       0x0000000000000163       0x7f lib/libSENSIT_SDK_V2.0.0.a(usbd_ctlreq.o)
 .comment       0x0000000000000163       0x7f lib/libSENSIT_SDK_V2.0.0.a(usbd_ioreq.o)
 .comment       0x0000000000000163       0x7f lib/libSENSIT_SDK_V2.0.0.a(watchdog.o)
 .comment       0x0000000000000163       0x7f lib/libSENSIT_SDK_V2.0.0.a(adc.o)
 .comment       0x0000000000000163       0x7f lib/libSENSIT_SDK_V2.0.0.a(aes.o)
 .comment       0x0000000000000163       0x7f lib/libSENSIT_SDK_V2.0.0.a(calib.o)
 .comment       0x0000000000000163       0x7f lib/libSENSIT_SDK_V2.0.0.a(cc1125.o)
 .comment       0x0000000000000163       0x7f lib/libSENSIT_SDK_V2.0.0.a(crc.o)
 .comment       0x0000000000000163       0x7f lib/libSENSIT_SDK_V2.0.0.a(flash.o)
 .comment       0x0000000000000163       0x7f lib/libSENSIT_SDK_V2.0.0.a(gpio.o)
 .comment       0x0000000000000163       0x7f lib/libSENSIT_SDK_V2.0.0.a(i2c.o)
 .comment       0x0000000000000163       0x7f lib/libSENSIT_SDK_V2.0.0.a(led.o)
 .comment       0x0000000000000163       0x7f lib/libSENSIT_SDK_V2.0.0.a(my_string.o)
 .comment       0x0000000000000163       0x7f lib/libSENSIT_SDK_V2.0.0.a(reed_switch.o)
 .comment       0x0000000000000163       0x7f lib/libSENSIT_SDK_V2.0.0.a(rf_api.o)
 .comment       0x0000000000000163       0x71 lib/libSENSIT_SDK_V2.0.0.a(sigfox_crc.o)
 .comment       0x0000000000000163       0x71 lib/libSENSIT_SDK_V2.0.0.a(sigfox_decode.o)
 .comment       0x0000000000000163       0x71 lib/libSENSIT_SDK_V2.0.0.a(sigfox_hmac.o)
 .comment       0x0000000000000163       0x7f lib/libSENSIT_SDK_V2.0.0.a(stm32f0xx_hal_pcd.o)
 .comment       0x0000000000000163       0x7f lib/libSENSIT_SDK_V2.0.0.a(modulation.o)

.debug_frame    0x0000000000000000      0x38c
 .debug_frame   0x0000000000000000       0x44 obj/error.o
 .debug_frame   0x0000000000000044       0x30 obj/button.o
 .debug_frame   0x0000000000000074       0x30 obj/battery.o
 .debug_frame   0x00000000000000a4       0x20 obj/callback.o
 .debug_frame   0x00000000000000c4       0x4c obj/radio_api.o
 .debug_frame   0x0000000000000110       0x30 obj/etsi.o
 .debug_frame   0x0000000000000140       0x30 obj/fcc.o
 .debug_frame   0x0000000000000170       0x4c obj/hts221.o
 .debug_frame   0x00000000000001bc       0x88 obj/ltr329.o
 .debug_frame   0x0000000000000244       0xe4 obj/fxos8700.o
 .debug_frame   0x0000000000000328       0x34 obj/discovery.o
 .debug_frame   0x000000000000035c       0x30 obj/main.o
